TLC2 Version 2.19 of 08 August 2024 (rev: 5a47802)
Warning: Please run the Java VM which executes TLC with a throughput optimized garbage collector by passing the "-XX:+UseParallelGC" property.
(Use the -nowarning option to disable this warning.)
Running breadth-first search Model-Checking with fp 56 and seed -3364893904415111362 with 1 worker on 24 cores with 23552MB heap and 64MB offheap memory [pid: 2794024] (Linux 7.0.0-30-generic amd64, Ubuntu 21.0.12.1 x86_64, MSBDiskFPSet, DiskStateQueue).
Parsing file /home/aaslyan/verified-matching-engine/matcher_tla/MatchingEngine.tla
Parsing file /tmp/Integers.tla
Parsing file /tmp/Sequences.tla
Parsing file /tmp/FiniteSets.tla
Parsing file /tmp/TLC.tla
Parsing file /tmp/Naturals.tla
Semantic processing of module Naturals
Semantic processing of module Integers
Semantic processing of module Sequences
Semantic processing of module FiniteSets
Semantic processing of module TLC
Semantic processing of module MatchingEngine
Starting... (2026-09-26 11:55:50)
Computing initial states...
Finished computing initial states: 1 distinct state generated at 2026-09-26 11:56:00.
Progress(3) at 2026-09-26 11:56:03: 113,589 states generated (113,589 s/min), 67,136 distinct states found (67,136 ds/min), 67,094 states left on queue.
Progress(3) at 2026-09-26 11:57:03: 4,302,668 states generated (4,189,079 s/min), 2,313,526 distinct states found (2,246,390 ds/min), 2,311,638 states left on queue.
Progress(4) at 2026-09-26 11:58:03: 10,373,289 states generated (6,070,621 s/min), 5,429,704 distinct states found (3,116,178 ds/min), 3,055,855 states left on queue.
Progress(4) at 2026-09-26 11:59:03: 14,236,339 states generated (3,863,050 s/min), 7,544,418 distinct states found (2,114,714 ds/min), 4,374,776 states left on queue.
Model checking completed. No error has been found.
  Estimates of the probability that TLC did not check all reachable states
  because two distinct states had the same fingerprint:
  calculated (optimistic):  val = 3.8E-6
  based on the actual fingerprints:  val = 4.0E-6
16920722 states generated, 9230323 distinct states found, 0 states left on queue.
The depth of the complete state graph search is 4.
The average outdegree of the complete state graph is 0 (minimum is 0, the maximum 31 and the 95th percentile is 1).
Finished in 04min 12s at (2026-09-26 12:00:03)
