TLC2 Version 2.19 of 08 August 2024 (rev: 5a47802)
Warning: Please run the Java VM which executes TLC with a throughput optimized garbage collector by passing the "-XX:+UseParallelGC" property.
(Use the -nowarning option to disable this warning.)
Running breadth-first search Model-Checking with fp 114 and seed 6664045675248956569 with 1 worker on 24 cores with 23552MB heap and 64MB offheap memory [pid: 2793835] (Linux 7.0.0-30-generic amd64, Ubuntu 21.0.12.1 x86_64, MSBDiskFPSet, DiskStateQueue).
Parsing file /home/aaslyan/verified-matching-engine/matcher_tla/MatchingEngine.tla
Parsing file /tmp/Integers.tla
Parsing file /tmp/Sequences.tla
Parsing file /tmp/FiniteSets.tla
Parsing file /tmp/TLC.tla
Parsing file /tmp/Naturals.tla
Semantic processing of module Naturals
Semantic processing of module Integers
Semantic processing of module Sequences
Semantic processing of module FiniteSets
Semantic processing of module TLC
Semantic processing of module MatchingEngine
Starting... (2026-09-26 11:55:03)
Computing initial states...
Finished computing initial states: 1 distinct state generated at 2026-09-26 11:55:05.
Progress(3) at 2026-09-26 11:55:08: 193,201 states generated (193,201 s/min), 73,005 distinct states found (73,005 ds/min), 72,798 states left on queue.
Model checking completed. No error has been found.
  Estimates of the probability that TLC did not check all reachable states
  because two distinct states had the same fingerprint:
  calculated (optimistic):  val = 8.0E-8
  based on the actual fingerprints:  val = 2.8E-8
2463194 states generated, 1427827 distinct states found, 0 states left on queue.
The depth of the complete state graph search is 4.
The average outdegree of the complete state graph is 0 (minimum is 0, the maximum 31 and the 95th percentile is 1).
Finished in 32s at (2026-09-26 11:55:36)
